{
  "DC":
  {
    "creator":"Harrison Ainsworth / HXA7241",
    "date":
    [
      "2010-04-02",
      "2010-05-18"
    ],
    "description":"Definition of a minimal general data format that you can write straight into any text.",
    "language":"en-GB",
    "relation":"http://www.hxa.name/txon/",
    "subject":"data format, text, JSON, software tool, python",
    "type":"technical article"
  },
  "DC.title":"TXON: Text Object Notation -- Textual Punctuation For Data",
  "name":
  [
    "value",
    {
      "name2":"nested value"
    }
  ],
  "references":
  [
    "http://json.org/",
    "http://lua.org/"
  ]
}